ar/dev/maxisandoval/webappplantapp/repository/ProspectoRepository.class
ar/dev/maxisandoval/webappplantapp/config/SecurityConfiguration.class
ar/dev/maxisandoval/webappplantapp/ServletInitializer.class
ar/dev/maxisandoval/webappplantapp/model/Planta.class
ar/dev/maxisandoval/webappplantapp/repository/UsuarioRepository.class
ar/dev/maxisandoval/webappplantapp/repository/JardineroRepository.class
ar/dev/maxisandoval/webappplantapp/repository/PlantaRepository.class
ar/dev/maxisandoval/webappplantapp/model/Prospecto.class
ar/dev/maxisandoval/webappplantapp/controller/GlobalExceptionHandler.class
ar/dev/maxisandoval/webappplantapp/controller/JardineroViewController.class
ar/dev/maxisandoval/webappplantapp/controller/PlantaViewController.class
ar/dev/maxisandoval/webappplantapp/WebappPlantappApplication.class
ar/dev/maxisandoval/webappplantapp/model/Jardinero.class
ar/dev/maxisandoval/webappplantapp/controller/AuthController.class
ar/dev/maxisandoval/webappplantapp/controller/ProspectosViewController.class
ar/dev/maxisandoval/webappplantapp/model/Usuario.class
ar/dev/maxisandoval/webappplantapp/model/Planta$PlantaBuilder.class
ar/dev/maxisandoval/webappplantapp/config/DatabaseResetScheduler.class
ar/dev/maxisandoval/webappplantapp/service/PlantaService.class
ar/dev/maxisandoval/webappplantapp/service/CustomUserDetailsService.class
ar/dev/maxisandoval/webappplantapp/controller/TestReportController.class
ar/dev/maxisandoval/webappplantapp/service/JardineroService.class
ar/dev/maxisandoval/webappplantapp/controller/PanelAdminController.class
ar/dev/maxisandoval/webappplantapp/service/ProspectoService.class
