/home/runner/work/webapp-plantapp/webapp-plantapp/src/main/java/ar/dev/maxisandoval/webappplantapp/ServletInitializer.java
/home/runner/work/webapp-plantapp/webapp-plantapp/src/main/java/ar/dev/maxisandoval/webappplantapp/WebappPlantappApplication.java
/home/runner/work/webapp-plantapp/webapp-plantapp/src/main/java/ar/dev/maxisandoval/webappplantapp/config/DatabaseResetScheduler.java
/home/runner/work/webapp-plantapp/webapp-plantapp/src/main/java/ar/dev/maxisandoval/webappplantapp/config/SecurityConfiguration.java
/home/runner/work/webapp-plantapp/webapp-plantapp/src/main/java/ar/dev/maxisandoval/webappplantapp/controller/AuthController.java
/home/runner/work/webapp-plantapp/webapp-plantapp/src/main/java/ar/dev/maxisandoval/webappplantapp/controller/GlobalExceptionHandler.java
/home/runner/work/webapp-plantapp/webapp-plantapp/src/main/java/ar/dev/maxisandoval/webappplantapp/controller/JardineroViewController.java
/home/runner/work/webapp-plantapp/webapp-plantapp/src/main/java/ar/dev/maxisandoval/webappplantapp/controller/PanelAdminController.java
/home/runner/work/webapp-plantapp/webapp-plantapp/src/main/java/ar/dev/maxisandoval/webappplantapp/controller/PlantaViewController.java
/home/runner/work/webapp-plantapp/webapp-plantapp/src/main/java/ar/dev/maxisandoval/webappplantapp/controller/ProspectosViewController.java
/home/runner/work/webapp-plantapp/webapp-plantapp/src/main/java/ar/dev/maxisandoval/webappplantapp/model/Jardinero.java
/home/runner/work/webapp-plantapp/webapp-plantapp/src/main/java/ar/dev/maxisandoval/webappplantapp/model/Planta.java
/home/runner/work/webapp-plantapp/webapp-plantapp/src/main/java/ar/dev/maxisandoval/webappplantapp/model/Prospecto.java
/home/runner/work/webapp-plantapp/webapp-plantapp/src/main/java/ar/dev/maxisandoval/webappplantapp/model/Usuario.java
/home/runner/work/webapp-plantapp/webapp-plantapp/src/main/java/ar/dev/maxisandoval/webappplantapp/repository/JardineroRepository.java
/home/runner/work/webapp-plantapp/webapp-plantapp/src/main/java/ar/dev/maxisandoval/webappplantapp/repository/PlantaRepository.java
/home/runner/work/webapp-plantapp/webapp-plantapp/src/main/java/ar/dev/maxisandoval/webappplantapp/repository/ProspectoRepository.java
/home/runner/work/webapp-plantapp/webapp-plantapp/src/main/java/ar/dev/maxisandoval/webappplantapp/repository/UsuarioRepository.java
/home/runner/work/webapp-plantapp/webapp-plantapp/src/main/java/ar/dev/maxisandoval/webappplantapp/service/CustomUserDetailsService.java
/home/runner/work/webapp-plantapp/webapp-plantapp/src/main/java/ar/dev/maxisandoval/webappplantapp/service/JardineroService.java
/home/runner/work/webapp-plantapp/webapp-plantapp/src/main/java/ar/dev/maxisandoval/webappplantapp/service/PlantaService.java
/home/runner/work/webapp-plantapp/webapp-plantapp/src/main/java/ar/dev/maxisandoval/webappplantapp/service/ProspectoService.java
